   Building archive-govt-nz @ file:///Volumes/PortableSSD/GitHub/archive-govt-nz-prompt20-final-assurance
      Built archive-govt-nz @ file:///Volumes/PortableSSD/GitHub/archive-govt-nz-prompt20-final-assurance
Uninstalled 1 package in 5ms
Installed 2 packages in 25ms
......F.                                                                 [100%]
=================================== FAILURES ===================================
____ test_supplementary_assurance_runs_only_existing_fixed_mutation_suites _____

    def test_supplementary_assurance_runs_only_existing_fixed_mutation_suites() -> None:
        """The static matrix cannot accept operator-provided commands or paths."""
        data = yaml.safe_load(WORKFLOW.read_text(encoding="utf-8"))
        job = data["jobs"]["supplementary"]
        entries = job["strategy"]["matrix"]["include"]
        expected = {
            "tests/tools/run_legislation_parent_state_mutations.py",
            "tests/tools/run_legislation_durable_mutations.py",
            "tests/tools/run_seed_registry_mutations.py",
            "tests/tools/run_legislation_source_preflight_mutations.py",
            "tools/mutation_source_sets.py",
            "tools/mutation_legislation_discovery.py",
            "tools/mutation_zenodo_identity.py",
            "tools/mutation_zenodo_publication.py",
            "tools/mutation_legislation_donor_bundle.py",
            "tools/mutation_legislation_evidence_index.py",
            "tools/mutation_legislation_release_correction.py",
        }
        assert len(entries) == len(expected)
        assert {entry["script"] for entry in entries} == expected
        assert len({entry["suite"] for entry in entries}) == len(expected)
        for entry in entries:
>           assert (ROOT / entry["script"]).is_file()
E           AssertionError: assert False
E            +  where False = is_file()
E            +    where is_file = (PosixPath('/Volumes/PortableSSD/GitHub/archive-govt-nz-prompt20-final-assurance') / 'tests/tools/run_legislation_source_preflight_mutations.py').is_file

tests/tools/test_legislation_integrity_assurance_workflow.py:67: AssertionError
=========================== short test summary info ============================
FAILED tests/tools/test_legislation_integrity_assurance_workflow.py::test_supplementary_assurance_runs_only_existing_fixed_mutation_suites
1 failed, 7 passed in 0.59s
