.FFF......FF...F...F.FFFF.FF.......FF..F..F....F.                        [100%]
=================================== FAILURES ===================================
______________ test_registry_rejects_drift[candidate_count-33693] ______________

fixture_root = PosixPath('/private/var/folders/m9/_g3wndrn04d80ys2382r700r0000gn/T/pytest-of-doughnut/pytest-4128/test_registry_rejects_drift_ca0')
field = 'candidate_count', value = 33693

    @pytest.mark.parametrize(
        ("field", "value"),
        [
            ("seed_id", "renamed"),
            ("version", 2),
            ("candidate_count", 33693),
            ("path_parts", ["..", "outside.txt"]),
            ("path_parts", ["/outside/seed"]),
            ("publication", {"status": "published", "record_count": 500}),
            ("last_revalidation", "invalid"),
            ("rights", {"redistribution_clearance": True}),
            ("unexpected", "value"),
        ],
    )
    def test_registry_rejects_drift(fixture_root: Path, field: str, value: object) -> None:
        """Fail closed on unknown fields, dates, unsafe paths and stage inflation."""
        path = fixture_root / "seeds/registry.json"
        registry = V.read_json(path)
        registry["entries"][0][field] = value
        path.write_text(json.dumps(registry))
>       with pytest.raises(ValidationError):
             ^^^^^^^^^^^^^^^^^^^^^^^^^^^^^^
E       Failed: DID NOT RAISE ValidationError

tests/tools/test_seed_registry.py:195: Failed
_________________________ test_origin_binding[commit] __________________________

fixture_root = PosixPath('/private/var/folders/m9/_g3wndrn04d80ys2382r700r0000gn/T/pytest-of-doughnut/pytest-4128/test_origin_binding_commit_0')
field = 'commit'

    @pytest.mark.parametrize("field", ["commit", "package_sha256", "artifact_id", "run_id"])
    def test_origin_binding(fixture_root: Path, field: str) -> None:
        """Validly typed origin changes still require a new reviewed contract."""
        path = fixture_root / "seeds/registry.json"
        registry = V.read_json(path)
        source = registry["entries"][0]["source"]
        source[field] = 1 if isinstance(source[field], int) else "0" * len(source[field])
        path.write_text(json.dumps(registry))
>       with pytest.raises(ValidationError):
             ^^^^^^^^^^^^^^^^^^^^^^^^^^^^^^
E       Failed: DID NOT RAISE ValidationError

tests/tools/test_seed_registry.py:311: Failed
______________________ test_invalid_registry_shape[empty] ______________________

fixture_root = PosixPath('/private/var/folders/m9/_g3wndrn04d80ys2382r700r0000gn/T/pytest-of-doughnut/pytest-4128/test_invalid_registry_shape_em0')
operation = 'empty'

    @pytest.mark.parametrize("operation", ["duplicate", "empty", "missing_field"])
    def test_invalid_registry_shape(fixture_root: Path, operation: str) -> None:
        """No duplicate identities or incomplete registry objects are accepted."""
        path = fixture_root / "seeds/registry.json"
        registry = V.read_json(path)
        if operation == "duplicate":
            registry["entries"].append(copy.deepcopy(registry["entries"][0]))
        elif operation == "empty":
            registry["entries"] = []
        else:
            del registry["entries"][0]["source"]
        path.write_text(json.dumps(registry))
        with pytest.raises(ValidationError):
>           V.resolve_seed(fixture_root, SEED_ID)

tests/tools/test_seed_registry.py:236: 
_ _ _ _ _ _ _ _ _ _ _ _ _ _ _ _ _ _ _ _ _ _ _ _ _ _ _ _ _ _ _ _ _ _ _ _ _ _ _ _ 
/private/var/folders/m9/_g3wndrn04d80ys2382r700r0000gn/T/p20-mutations-0kx7t1r2/seed_registry/mutant-12.py:72: in resolve_seed
    _require(seed_id in entries, "unknown seed ID")
_ _ _ _ _ _ _ _ _ _ _ _ _ _ _ _ _ _ _ _ _ _ _ _ _ _ _ _ _ _ _ _ _ _ _ _ _ _ _ _ 

condition = False, message = 'unknown seed ID'

    def _require(condition: bool, message: str) -> None:  # noqa: FBT001 - assertion predicate
        if not condition:
>           raise ValueError(message)
E           ValueError: unknown seed ID

/private/var/folders/m9/_g3wndrn04d80ys2382r700r0000gn/T/p20-mutations-0kx7t1r2/seed_registry/mutant-12.py:21: ValueError
_______________________ test_origin_binding[artifact_id] _______________________

fixture_root = PosixPath('/private/var/folders/m9/_g3wndrn04d80ys2382r700r0000gn/T/pytest-of-doughnut/pytest-4128/test_origin_binding_artifact_i0')
field = 'artifact_id'

    @pytest.mark.parametrize("field", ["commit", "package_sha256", "artifact_id", "run_id"])
    def test_origin_binding(fixture_root: Path, field: str) -> None:
        """Validly typed origin changes still require a new reviewed contract."""
        path = fixture_root / "seeds/registry.json"
        registry = V.read_json(path)
        source = registry["entries"][0]["source"]
        source[field] = 1 if isinstance(source[field], int) else "0" * len(source[field])
        path.write_text(json.dumps(registry))
>       with pytest.raises(ValidationError):
             ^^^^^^^^^^^^^^^^^^^^^^^^^^^^^^
E       Failed: DID NOT RAISE ValidationError

tests/tools/test_seed_registry.py:311: Failed
________________ test_registry_rejects_drift[path_parts-value3] ________________

fixture_root = PosixPath('/private/var/folders/m9/_g3wndrn04d80ys2382r700r0000gn/T/pytest-of-doughnut/pytest-4128/test_registry_rejects_drift_pa0')
field = 'path_parts', value = ['..', 'outside.txt']

    @pytest.mark.parametrize(
        ("field", "value"),
        [
            ("seed_id", "renamed"),
            ("version", 2),
            ("candidate_count", 33693),
            ("path_parts", ["..", "outside.txt"]),
            ("path_parts", ["/outside/seed"]),
            ("publication", {"status": "published", "record_count": 500}),
            ("last_revalidation", "invalid"),
            ("rights", {"redistribution_clearance": True}),
            ("unexpected", "value"),
        ],
    )
    def test_registry_rejects_drift(fixture_root: Path, field: str, value: object) -> None:
        """Fail closed on unknown fields, dates, unsafe paths and stage inflation."""
        path = fixture_root / "seeds/registry.json"
        registry = V.read_json(path)
        registry["entries"][0][field] = value
        path.write_text(json.dumps(registry))
        with pytest.raises(ValidationError):
>           V.resolve_seed(fixture_root, SEED_ID)

tests/tools/test_seed_registry.py:196: 
_ _ _ _ _ _ _ _ _ _ _ _ _ _ _ _ _ _ _ _ _ _ _ _ _ _ _ _ _ _ _ _ _ _ _ _ _ _ _ _ 
/private/var/folders/m9/_g3wndrn04d80ys2382r700r0000gn/T/p20-mutations-0kx7t1r2/seed_registry/mutant-12.py:79: in resolve_seed
    ids = validate_bytes(path.read_bytes(), entry["content"])
                         ^^^^^^^^^^^^^^^^^
../../appdata/local-dotdir/share/uv/python/cpython-3.14.6-macos-aarch64-none/lib/python3.14/pathlib/__init__.py:777: in read_bytes
    with self.open(mode='rb', buffering=0) as f:
         ^^^^^^^^^^^^^^^^^^^^^^^^^^^^^^^^^
_ _ _ _ _ _ _ _ _ _ _ _ _ _ _ _ _ _ _ _ _ _ _ _ _ _ _ _ _ _ _ _ _ _ _ _ _ _ _ _ 

self = PosixPath('/private/var/folders/m9/_g3wndrn04d80ys2382r700r0000gn/T/pytest-of-doughnut/pytest-4128/test_registry_rejects_drift_pa0/../outside.txt')
mode = 'rb', buffering = 0, encoding = None, errors = None, newline = None

    def open(self, mode='r', buffering=-1, encoding=None,
             errors=None, newline=None):
        """
        Open the file pointed to by this path and return a file object, as
        the built-in open() function does.
        """
        if "b" not in mode:
            encoding = io.text_encoding(encoding)
>       return io.open(self, mode, buffering, encoding, errors, newline)
               ^^^^^^^^^^^^^^^^^^^^^^^^^^^^^^^^^^^^^^^^^^^^^^^^^^^^^^^^^
E       FileNotFoundError: [Errno 2] No such file or directory: '/private/var/folders/m9/_g3wndrn04d80ys2382r700r0000gn/T/pytest-of-doughnut/pytest-4128/test_registry_rejects_drift_pa0/../outside.txt'

../../appdata/local-dotdir/share/uv/python/cpython-3.14.6-macos-aarch64-none/lib/python3.14/pathlib/__init__.py:771: FileNotFoundError
_________________________ test_origin_binding[run_id] __________________________

fixture_root = PosixPath('/private/var/folders/m9/_g3wndrn04d80ys2382r700r0000gn/T/pytest-of-doughnut/pytest-4128/test_origin_binding_run_id_0')
field = 'run_id'

    @pytest.mark.parametrize("field", ["commit", "package_sha256", "artifact_id", "run_id"])
    def test_origin_binding(fixture_root: Path, field: str) -> None:
        """Validly typed origin changes still require a new reviewed contract."""
        path = fixture_root / "seeds/registry.json"
        registry = V.read_json(path)
        source = registry["entries"][0]["source"]
        source[field] = 1 if isinstance(source[field], int) else "0" * len(source[field])
        path.write_text(json.dumps(registry))
>       with pytest.raises(ValidationError):
             ^^^^^^^^^^^^^^^^^^^^^^^^^^^^^^
E       Failed: DID NOT RAISE ValidationError

tests/tools/test_seed_registry.py:311: Failed
_____________________ test_repin_existing_version[reorder] _____________________

fixture_root = PosixPath('/private/var/folders/m9/_g3wndrn04d80ys2382r700r0000gn/T/pytest-of-doughnut/pytest-4128/test_repin_existing_version_re0')
change = 'reorder'

    @pytest.mark.parametrize("change", ["replace", "reorder"])
    def test_repin_existing_version(fixture_root: Path, change: str) -> None:
        """Changing bytes and matching hashes cannot rewrite a reviewed version."""
        path = fixture_root / SEED_PATH
        data = b"act_public_2000_1\n"
        if change == "reorder":
            data = b"\n".join(reversed(path.read_bytes().splitlines())) + b"\n"
        path.write_bytes(data)
        registry_path = fixture_root / "seeds/registry.json"
        registry = V.read_json(registry_path)
        registry["entries"][0]["content"].update(_content(data))
        registry_path.write_text(json.dumps(registry))
        with pytest.raises(ValidationError):
>           V.resolve_seed(fixture_root, SEED_ID)

tests/tools/test_seed_registry.py:212: 
_ _ _ _ _ _ _ _ _ _ _ _ _ _ _ _ _ _ _ _ _ _ _ _ _ _ _ _ _ _ _ _ _ _ _ _ _ _ _ _ 
/private/var/folders/m9/_g3wndrn04d80ys2382r700r0000gn/T/p20-mutations-0kx7t1r2/seed_registry/mutant-12.py:79: in resolve_seed
    ids = validate_bytes(path.read_bytes(), entry["content"])
          ^^^^^^^^^^^^^^^^^^^^^^^^^^^^^^^^^^^^^^^^^^^^^^^^^^^
/private/var/folders/m9/_g3wndrn04d80ys2382r700r0000gn/T/p20-mutations-0kx7t1r2/seed_registry/mutant-12.py:53: in validate_bytes
    _require(
_ _ _ _ _ _ _ _ _ _ _ _ _ _ _ _ _ _ _ _ _ _ _ _ _ _ _ _ _ _ _ _ _ _ _ _ _ _ _ _ 

condition = False
message = 'noncanonical order; do not reorder an existing version'

    def _require(condition: bool, message: str) -> None:  # noqa: FBT001 - assertion predicate
        if not condition:
>           raise ValueError(message)
E           ValueError: noncanonical order; do not reorder an existing version

/private/var/folders/m9/_g3wndrn04d80ys2382r700r0000gn/T/p20-mutations-0kx7t1r2/seed_registry/mutant-12.py:21: ValueError
_______________ test_registry_rejects_drift[publication-value5] ________________

fixture_root = PosixPath('/private/var/folders/m9/_g3wndrn04d80ys2382r700r0000gn/T/pytest-of-doughnut/pytest-4128/test_registry_rejects_drift_pu0')
field = 'publication', value = {'status': 'published', 'record_count': 500}

    @pytest.mark.parametrize(
        ("field", "value"),
        [
            ("seed_id", "renamed"),
            ("version", 2),
            ("candidate_count", 33693),
            ("path_parts", ["..", "outside.txt"]),
            ("path_parts", ["/outside/seed"]),
            ("publication", {"status": "published", "record_count": 500}),
            ("last_revalidation", "invalid"),
            ("rights", {"redistribution_clearance": True}),
            ("unexpected", "value"),
        ],
    )
    def test_registry_rejects_drift(fixture_root: Path, field: str, value: object) -> None:
        """Fail closed on unknown fields, dates, unsafe paths and stage inflation."""
        path = fixture_root / "seeds/registry.json"
        registry = V.read_json(path)
        registry["entries"][0][field] = value
        path.write_text(json.dumps(registry))
>       with pytest.raises(ValidationError):
             ^^^^^^^^^^^^^^^^^^^^^^^^^^^^^^
E       Failed: DID NOT RAISE ValidationError

tests/tools/test_seed_registry.py:195: Failed
________________ test_registry_rejects_drift[unexpected-value] _________________

fixture_root = PosixPath('/private/var/folders/m9/_g3wndrn04d80ys2382r700r0000gn/T/pytest-of-doughnut/pytest-4128/test_registry_rejects_drift_un0')
field = 'unexpected', value = 'value'

    @pytest.mark.parametrize(
        ("field", "value"),
        [
            ("seed_id", "renamed"),
            ("version", 2),
            ("candidate_count", 33693),
            ("path_parts", ["..", "outside.txt"]),
            ("path_parts", ["/outside/seed"]),
            ("publication", {"status": "published", "record_count": 500}),
            ("last_revalidation", "invalid"),
            ("rights", {"redistribution_clearance": True}),
            ("unexpected", "value"),
        ],
    )
    def test_registry_rejects_drift(fixture_root: Path, field: str, value: object) -> None:
        """Fail closed on unknown fields, dates, unsafe paths and stage inflation."""
        path = fixture_root / "seeds/registry.json"
        registry = V.read_json(path)
        registry["entries"][0][field] = value
        path.write_text(json.dumps(registry))
>       with pytest.raises(ValidationError):
             ^^^^^^^^^^^^^^^^^^^^^^^^^^^^^^
E       Failed: DID NOT RAISE ValidationError

tests/tools/test_seed_registry.py:195: Failed
____________ test_registry_rejects_drift[last_revalidation-invalid] ____________

fixture_root = PosixPath('/private/var/folders/m9/_g3wndrn04d80ys2382r700r0000gn/T/pytest-of-doughnut/pytest-4128/test_registry_rejects_drift_la0')
field = 'last_revalidation', value = 'invalid'

    @pytest.mark.parametrize(
        ("field", "value"),
        [
            ("seed_id", "renamed"),
            ("version", 2),
            ("candidate_count", 33693),
            ("path_parts", ["..", "outside.txt"]),
            ("path_parts", ["/outside/seed"]),
            ("publication", {"status": "published", "record_count": 500}),
            ("last_revalidation", "invalid"),
            ("rights", {"redistribution_clearance": True}),
            ("unexpected", "value"),
        ],
    )
    def test_registry_rejects_drift(fixture_root: Path, field: str, value: object) -> None:
        """Fail closed on unknown fields, dates, unsafe paths and stage inflation."""
        path = fixture_root / "seeds/registry.json"
        registry = V.read_json(path)
        registry["entries"][0][field] = value
        path.write_text(json.dumps(registry))
>       with pytest.raises(ValidationError):
             ^^^^^^^^^^^^^^^^^^^^^^^^^^^^^^
E       Failed: DID NOT RAISE ValidationError

tests/tools/test_seed_registry.py:195: Failed
_____________________ test_origin_binding[package_sha256] ______________________

fixture_root = PosixPath('/private/var/folders/m9/_g3wndrn04d80ys2382r700r0000gn/T/pytest-of-doughnut/pytest-4128/test_origin_binding_package_sh0')
field = 'package_sha256'

    @pytest.mark.parametrize("field", ["commit", "package_sha256", "artifact_id", "run_id"])
    def test_origin_binding(fixture_root: Path, field: str) -> None:
        """Validly typed origin changes still require a new reviewed contract."""
        path = fixture_root / "seeds/registry.json"
        registry = V.read_json(path)
        source = registry["entries"][0]["source"]
        source[field] = 1 if isinstance(source[field], int) else "0" * len(source[field])
        path.write_text(json.dumps(registry))
>       with pytest.raises(ValidationError):
             ^^^^^^^^^^^^^^^^^^^^^^^^^^^^^^
E       Failed: DID NOT RAISE ValidationError

tests/tools/test_seed_registry.py:311: Failed
_____________________ test_repin_existing_version[replace] _____________________

fixture_root = PosixPath('/private/var/folders/m9/_g3wndrn04d80ys2382r700r0000gn/T/pytest-of-doughnut/pytest-4128/test_repin_existing_version_re1')
change = 'replace'

    @pytest.mark.parametrize("change", ["replace", "reorder"])
    def test_repin_existing_version(fixture_root: Path, change: str) -> None:
        """Changing bytes and matching hashes cannot rewrite a reviewed version."""
        path = fixture_root / SEED_PATH
        data = b"act_public_2000_1\n"
        if change == "reorder":
            data = b"\n".join(reversed(path.read_bytes().splitlines())) + b"\n"
        path.write_bytes(data)
        registry_path = fixture_root / "seeds/registry.json"
        registry = V.read_json(registry_path)
        registry["entries"][0]["content"].update(_content(data))
        registry_path.write_text(json.dumps(registry))
>       with pytest.raises(ValidationError):
             ^^^^^^^^^^^^^^^^^^^^^^^^^^^^^^
E       Failed: DID NOT RAISE ValidationError

tests/tools/test_seed_registry.py:211: Failed
__________________ test_registry_rejects_drift[rights-value7] __________________

fixture_root = PosixPath('/private/var/folders/m9/_g3wndrn04d80ys2382r700r0000gn/T/pytest-of-doughnut/pytest-4128/test_registry_rejects_drift_ri0')
field = 'rights', value = {'redistribution_clearance': True}

    @pytest.mark.parametrize(
        ("field", "value"),
        [
            ("seed_id", "renamed"),
            ("version", 2),
            ("candidate_count", 33693),
            ("path_parts", ["..", "outside.txt"]),
            ("path_parts", ["/outside/seed"]),
            ("publication", {"status": "published", "record_count": 500}),
            ("last_revalidation", "invalid"),
            ("rights", {"redistribution_clearance": True}),
            ("unexpected", "value"),
        ],
    )
    def test_registry_rejects_drift(fixture_root: Path, field: str, value: object) -> None:
        """Fail closed on unknown fields, dates, unsafe paths and stage inflation."""
        path = fixture_root / "seeds/registry.json"
        registry = V.read_json(path)
        registry["entries"][0][field] = value
        path.write_text(json.dumps(registry))
>       with pytest.raises(ValidationError):
             ^^^^^^^^^^^^^^^^^^^^^^^^^^^^^^
E       Failed: DID NOT RAISE ValidationError

tests/tools/test_seed_registry.py:195: Failed
__________________ test_invalid_registry_shape[missing_field] __________________

fixture_root = PosixPath('/private/var/folders/m9/_g3wndrn04d80ys2382r700r0000gn/T/pytest-of-doughnut/pytest-4128/test_invalid_registry_shape_mi0')
operation = 'missing_field'

    @pytest.mark.parametrize("operation", ["duplicate", "empty", "missing_field"])
    def test_invalid_registry_shape(fixture_root: Path, operation: str) -> None:
        """No duplicate identities or incomplete registry objects are accepted."""
        path = fixture_root / "seeds/registry.json"
        registry = V.read_json(path)
        if operation == "duplicate":
            registry["entries"].append(copy.deepcopy(registry["entries"][0]))
        elif operation == "empty":
            registry["entries"] = []
        else:
            del registry["entries"][0]["source"]
        path.write_text(json.dumps(registry))
>       with pytest.raises(ValidationError):
             ^^^^^^^^^^^^^^^^^^^^^^^^^^^^^^
E       Failed: DID NOT RAISE ValidationError

tests/tools/test_seed_registry.py:235: Failed
____________________ test_invalid_registry_shape[duplicate] ____________________

fixture_root = PosixPath('/private/var/folders/m9/_g3wndrn04d80ys2382r700r0000gn/T/pytest-of-doughnut/pytest-4128/test_invalid_registry_shape_du0')
operation = 'duplicate'

    @pytest.mark.parametrize("operation", ["duplicate", "empty", "missing_field"])
    def test_invalid_registry_shape(fixture_root: Path, operation: str) -> None:
        """No duplicate identities or incomplete registry objects are accepted."""
        path = fixture_root / "seeds/registry.json"
        registry = V.read_json(path)
        if operation == "duplicate":
            registry["entries"].append(copy.deepcopy(registry["entries"][0]))
        elif operation == "empty":
            registry["entries"] = []
        else:
            del registry["entries"][0]["source"]
        path.write_text(json.dumps(registry))
>       with pytest.raises(ValidationError):
             ^^^^^^^^^^^^^^^^^^^^^^^^^^^^^^
E       Failed: DID NOT RAISE ValidationError

tests/tools/test_seed_registry.py:235: Failed
_________________ test_registry_rejects_drift[seed_id-renamed] _________________

fixture_root = PosixPath('/private/var/folders/m9/_g3wndrn04d80ys2382r700r0000gn/T/pytest-of-doughnut/pytest-4128/test_registry_rejects_drift_se0')
field = 'seed_id', value = 'renamed'

    @pytest.mark.parametrize(
        ("field", "value"),
        [
            ("seed_id", "renamed"),
            ("version", 2),
            ("candidate_count", 33693),
            ("path_parts", ["..", "outside.txt"]),
            ("path_parts", ["/outside/seed"]),
            ("publication", {"status": "published", "record_count": 500}),
            ("last_revalidation", "invalid"),
            ("rights", {"redistribution_clearance": True}),
            ("unexpected", "value"),
        ],
    )
    def test_registry_rejects_drift(fixture_root: Path, field: str, value: object) -> None:
        """Fail closed on unknown fields, dates, unsafe paths and stage inflation."""
        path = fixture_root / "seeds/registry.json"
        registry = V.read_json(path)
        registry["entries"][0][field] = value
        path.write_text(json.dumps(registry))
        with pytest.raises(ValidationError):
>           V.resolve_seed(fixture_root, SEED_ID)

tests/tools/test_seed_registry.py:196: 
_ _ _ _ _ _ _ _ _ _ _ _ _ _ _ _ _ _ _ _ _ _ _ _ _ _ _ _ _ _ _ _ _ _ _ _ _ _ _ _ 
/private/var/folders/m9/_g3wndrn04d80ys2382r700r0000gn/T/p20-mutations-0kx7t1r2/seed_registry/mutant-12.py:72: in resolve_seed
    _require(seed_id in entries, "unknown seed ID")
_ _ _ _ _ _ _ _ _ _ _ _ _ _ _ _ _ _ _ _ _ _ _ _ _ _ _ _ _ _ _ _ _ _ _ _ _ _ _ _ 

condition = False, message = 'unknown seed ID'

    def _require(condition: bool, message: str) -> None:  # noqa: FBT001 - assertion predicate
        if not condition:
>           raise ValueError(message)
E           ValueError: unknown seed ID

/private/var/folders/m9/_g3wndrn04d80ys2382r700r0000gn/T/p20-mutations-0kx7t1r2/seed_registry/mutant-12.py:21: ValueError
____________________ test_registry_rejects_drift[version-2] ____________________

fixture_root = PosixPath('/private/var/folders/m9/_g3wndrn04d80ys2382r700r0000gn/T/pytest-of-doughnut/pytest-4128/test_registry_rejects_drift_ve0')
field = 'version', value = 2

    @pytest.mark.parametrize(
        ("field", "value"),
        [
            ("seed_id", "renamed"),
            ("version", 2),
            ("candidate_count", 33693),
            ("path_parts", ["..", "outside.txt"]),
            ("path_parts", ["/outside/seed"]),
            ("publication", {"status": "published", "record_count": 500}),
            ("last_revalidation", "invalid"),
            ("rights", {"redistribution_clearance": True}),
            ("unexpected", "value"),
        ],
    )
    def test_registry_rejects_drift(fixture_root: Path, field: str, value: object) -> None:
        """Fail closed on unknown fields, dates, unsafe paths and stage inflation."""
        path = fixture_root / "seeds/registry.json"
        registry = V.read_json(path)
        registry["entries"][0][field] = value
        path.write_text(json.dumps(registry))
>       with pytest.raises(ValidationError):
             ^^^^^^^^^^^^^^^^^^^^^^^^^^^^^^
E       Failed: DID NOT RAISE ValidationError

tests/tools/test_seed_registry.py:195: Failed
________________ test_registry_rejects_drift[path_parts-value4] ________________

fixture_root = PosixPath('/private/var/folders/m9/_g3wndrn04d80ys2382r700r0000gn/T/pytest-of-doughnut/pytest-4128/test_registry_rejects_drift_pa1')
field = 'path_parts', value = ['/outside/seed']

    @pytest.mark.parametrize(
        ("field", "value"),
        [
            ("seed_id", "renamed"),
            ("version", 2),
            ("candidate_count", 33693),
            ("path_parts", ["..", "outside.txt"]),
            ("path_parts", ["/outside/seed"]),
            ("publication", {"status": "published", "record_count": 500}),
            ("last_revalidation", "invalid"),
            ("rights", {"redistribution_clearance": True}),
            ("unexpected", "value"),
        ],
    )
    def test_registry_rejects_drift(fixture_root: Path, field: str, value: object) -> None:
        """Fail closed on unknown fields, dates, unsafe paths and stage inflation."""
        path = fixture_root / "seeds/registry.json"
        registry = V.read_json(path)
        registry["entries"][0][field] = value
        path.write_text(json.dumps(registry))
        with pytest.raises(ValidationError):
>           V.resolve_seed(fixture_root, SEED_ID)

tests/tools/test_seed_registry.py:196: 
_ _ _ _ _ _ _ _ _ _ _ _ _ _ _ _ _ _ _ _ _ _ _ _ _ _ _ _ _ _ _ _ _ _ _ _ _ _ _ _ 
/private/var/folders/m9/_g3wndrn04d80ys2382r700r0000gn/T/p20-mutations-0kx7t1r2/seed_registry/mutant-12.py:79: in resolve_seed
    ids = validate_bytes(path.read_bytes(), entry["content"])
                         ^^^^^^^^^^^^^^^^^
../../appdata/local-dotdir/share/uv/python/cpython-3.14.6-macos-aarch64-none/lib/python3.14/pathlib/__init__.py:777: in read_bytes
    with self.open(mode='rb', buffering=0) as f:
         ^^^^^^^^^^^^^^^^^^^^^^^^^^^^^^^^^
_ _ _ _ _ _ _ _ _ _ _ _ _ _ _ _ _ _ _ _ _ _ _ _ _ _ _ _ _ _ _ _ _ _ _ _ _ _ _ _ 

self = PosixPath('/outside/seed'), mode = 'rb', buffering = 0, encoding = None
errors = None, newline = None

    def open(self, mode='r', buffering=-1, encoding=None,
             errors=None, newline=None):
        """
        Open the file pointed to by this path and return a file object, as
        the built-in open() function does.
        """
        if "b" not in mode:
            encoding = io.text_encoding(encoding)
>       return io.open(self, mode, buffering, encoding, errors, newline)
               ^^^^^^^^^^^^^^^^^^^^^^^^^^^^^^^^^^^^^^^^^^^^^^^^^^^^^^^^^
E       FileNotFoundError: [Errno 2] No such file or directory: '/outside/seed'

../../appdata/local-dotdir/share/uv/python/cpython-3.14.6-macos-aarch64-none/lib/python3.14/pathlib/__init__.py:771: FileNotFoundError
=========================== short test summary info ============================
FAILED tests/tools/test_seed_registry.py::test_registry_rejects_drift[candidate_count-33693]
FAILED tests/tools/test_seed_registry.py::test_origin_binding[commit] - Faile...
FAILED tests/tools/test_seed_registry.py::test_invalid_registry_shape[empty]
FAILED tests/tools/test_seed_registry.py::test_origin_binding[artifact_id] - ...
FAILED tests/tools/test_seed_registry.py::test_registry_rejects_drift[path_parts-value3]
FAILED tests/tools/test_seed_registry.py::test_origin_binding[run_id] - Faile...
FAILED tests/tools/test_seed_registry.py::test_repin_existing_version[reorder]
FAILED tests/tools/test_seed_registry.py::test_registry_rejects_drift[publication-value5]
FAILED tests/tools/test_seed_registry.py::test_registry_rejects_drift[unexpected-value]
FAILED tests/tools/test_seed_registry.py::test_registry_rejects_drift[last_revalidation-invalid]
FAILED tests/tools/test_seed_registry.py::test_origin_binding[package_sha256]
FAILED tests/tools/test_seed_registry.py::test_repin_existing_version[replace]
FAILED tests/tools/test_seed_registry.py::test_registry_rejects_drift[rights-value7]
FAILED tests/tools/test_seed_registry.py::test_invalid_registry_shape[missing_field]
FAILED tests/tools/test_seed_registry.py::test_invalid_registry_shape[duplicate]
FAILED tests/tools/test_seed_registry.py::test_registry_rejects_drift[seed_id-renamed]
FAILED tests/tools/test_seed_registry.py::test_registry_rejects_drift[version-2]
FAILED tests/tools/test_seed_registry.py::test_registry_rejects_drift[path_parts-value4]
18 failed, 31 passed in 16.02s
