..................F.......F......................                        [100%]
=================================== FAILURES ===================================
__ test_invalid_bytes[act_public_2000_1\nact_public_2000_1\n-duplicate work] ___

data = b'act_public_2000_1\nact_public_2000_1\n', reason = 'duplicate work'

    @pytest.mark.parametrize(
        ("data", "reason"),
        [
            (b"act_public_2000_1", "terminal LF"),
            (b"act_public_2000_1\r\n", "CR line"),
            (b"act_public_2000_1\n\n", "malformed or blank"),
            (b"\n", "malformed or blank"),
            (b"act_public_2000_1\nact_public_2000_1\n", "duplicate work"),
            (b"act_public_2000_2\nact_public_2000_1\n", "noncanonical order"),
            (b"act_public_2000_1/../../x\n", "malformed or blank"),
            (b" act_public_2000_1\n", "malformed or blank"),
            (b"act_public_2000_1\t\n", "malformed or blank"),
            (b"bill_public_20_1\n", "malformed or blank"),
            (b"bill_public_2000_a\n", "malformed or blank"),
        ],
    )
    def test_invalid_bytes(data: bytes, reason: str) -> None:
        """Reject defects even when a caller recomputes the content hash."""
>       with pytest.raises(ValueError, match=reason):
             ^^^^^^^^^^^^^^^^^^^^^^^^^^^^^^^^^^^^^^^
E       Failed: DID NOT RAISE ValueError

tests/tools/test_seed_registry.py:137: Failed
______________________ test_order_and_uniqueness_property ______________________

    @given(
>       st.lists(
                  
            st.integers(min_value=1, max_value=9999), min_size=1, max_size=30, unique=True
        )
    )

tests/tools/test_seed_registry.py:272: 
_ _ _ _ _ _ _ _ _ _ _ _ _ _ _ _ _ _ _ _ _ _ _ _ _ _ _ _ _ _ _ _ _ _ _ _ _ _ _ _ 

numbers = [1]

    @given(
        st.lists(
            st.integers(min_value=1, max_value=9999), min_size=1, max_size=30, unique=True
        )
    )
    def test_order_and_uniqueness_property(numbers: list[int]) -> None:
        """Canonical order is lexical, not numeric; every duplicate is rejected."""
        ids = sorted(f"act_public_2000_{number}" for number in numbers)
        data = ("\n".join(ids) + "\n").encode()
        assert V.validate_bytes(data, _content(data)) == tuple(ids)
        doubled = ("\n".join(sorted([*ids, ids[0]])) + "\n").encode()
>       with pytest.raises(ValueError, match="duplicate work"):
             ^^^^^^^^^^^^^^^^^^^^^^^^^^^^^^^^^^^^^^^^^^^^^^^^^
E       Failed: DID NOT RAISE ValueError
E       Failing test case: test_order_and_uniqueness_property(
E           numbers=[1],  # or any other generated value
E       )

tests/tools/test_seed_registry.py:282: Failed
=========================== short test summary info ============================
FAILED tests/tools/test_seed_registry.py::test_invalid_bytes[act_public_2000_1\nact_public_2000_1\n-duplicate work]
FAILED tests/tools/test_seed_registry.py::test_order_and_uniqueness_property
2 failed, 47 passed in 4.74s
