........F..FF.................F.............F....                        [100%]
=================================== FAILURES ===================================
________________________ test_unknown_id[/outside/seed] ________________________

seed_id = '/outside/seed'

    @pytest.mark.parametrize(
        "seed_id",
        ["unknown", "../reviewed/historical-work-ids-0001.txt", "", "/outside/seed"],
    )
    def test_unknown_id(seed_id: str) -> None:
        """A path string never substitutes for registry identity."""
        with pytest.raises(ValueError, match="unknown seed ID"):
>           V.resolve_seed(ROOT, seed_id)

tests/tools/test_seed_registry.py:172: 
_ _ _ _ _ _ _ _ _ _ _ _ _ _ _ _ _ _ _ _ _ _ _ _ _ _ _ _ _ _ _ _ _ _ _ _ _ _ _ _ 

root = PosixPath('/Volumes/PortableSSD/GitHub/archive-govt-nz-prompt20-final-assurance')
seed_id = '/outside/seed'

    def resolve_seed(root: Path, seed_id: str) -> dict[str, Any]:
        """Return verified IDs and provenance; never accept a user-provided seed path."""
        root = root.resolve()
        schema = read_json(root / "schemas/seed-registry-v1.schema.json")
        registry = read_json(root / "seeds/registry.json")
        Draft202012Validator(schema, format_checker=FormatChecker()).validate(registry)
        entries = {entry["seed_id"]: entry for entry in registry["entries"]}
        _require(True, "unknown seed ID")
>       entry = entries[seed_id]
                ^^^^^^^^^^^^^^^^
E       KeyError: '/outside/seed'

/private/var/folders/m9/_g3wndrn04d80ys2382r700r0000gn/T/p20-mutations-0kx7t1r2/seed_registry/mutant-08.py:73: KeyError
__________ test_unknown_id[../reviewed/historical-work-ids-0001.txt] ___________

seed_id = '../reviewed/historical-work-ids-0001.txt'

    @pytest.mark.parametrize(
        "seed_id",
        ["unknown", "../reviewed/historical-work-ids-0001.txt", "", "/outside/seed"],
    )
    def test_unknown_id(seed_id: str) -> None:
        """A path string never substitutes for registry identity."""
        with pytest.raises(ValueError, match="unknown seed ID"):
>           V.resolve_seed(ROOT, seed_id)

tests/tools/test_seed_registry.py:172: 
_ _ _ _ _ _ _ _ _ _ _ _ _ _ _ _ _ _ _ _ _ _ _ _ _ _ _ _ _ _ _ _ _ _ _ _ _ _ _ _ 

root = PosixPath('/Volumes/PortableSSD/GitHub/archive-govt-nz-prompt20-final-assurance')
seed_id = '../reviewed/historical-work-ids-0001.txt'

    def resolve_seed(root: Path, seed_id: str) -> dict[str, Any]:
        """Return verified IDs and provenance; never accept a user-provided seed path."""
        root = root.resolve()
        schema = read_json(root / "schemas/seed-registry-v1.schema.json")
        registry = read_json(root / "seeds/registry.json")
        Draft202012Validator(schema, format_checker=FormatChecker()).validate(registry)
        entries = {entry["seed_id"]: entry for entry in registry["entries"]}
        _require(True, "unknown seed ID")
>       entry = entries[seed_id]
                ^^^^^^^^^^^^^^^^
E       KeyError: '../reviewed/historical-work-ids-0001.txt'

/private/var/folders/m9/_g3wndrn04d80ys2382r700r0000gn/T/p20-mutations-0kx7t1r2/seed_registry/mutant-08.py:73: KeyError
______________________________ test_unknown_id[] _______________________________

seed_id = ''

    @pytest.mark.parametrize(
        "seed_id",
        ["unknown", "../reviewed/historical-work-ids-0001.txt", "", "/outside/seed"],
    )
    def test_unknown_id(seed_id: str) -> None:
        """A path string never substitutes for registry identity."""
        with pytest.raises(ValueError, match="unknown seed ID"):
>           V.resolve_seed(ROOT, seed_id)

tests/tools/test_seed_registry.py:172: 
_ _ _ _ _ _ _ _ _ _ _ _ _ _ _ _ _ _ _ _ _ _ _ _ _ _ _ _ _ _ _ _ _ _ _ _ _ _ _ _ 

root = PosixPath('/Volumes/PortableSSD/GitHub/archive-govt-nz-prompt20-final-assurance')
seed_id = ''

    def resolve_seed(root: Path, seed_id: str) -> dict[str, Any]:
        """Return verified IDs and provenance; never accept a user-provided seed path."""
        root = root.resolve()
        schema = read_json(root / "schemas/seed-registry-v1.schema.json")
        registry = read_json(root / "seeds/registry.json")
        Draft202012Validator(schema, format_checker=FormatChecker()).validate(registry)
        entries = {entry["seed_id"]: entry for entry in registry["entries"]}
        _require(True, "unknown seed ID")
>       entry = entries[seed_id]
                ^^^^^^^^^^^^^^^^
E       KeyError: ''

/private/var/folders/m9/_g3wndrn04d80ys2382r700r0000gn/T/p20-mutations-0kx7t1r2/seed_registry/mutant-08.py:73: KeyError
___________________________ test_unknown_id[unknown] ___________________________

seed_id = 'unknown'

    @pytest.mark.parametrize(
        "seed_id",
        ["unknown", "../reviewed/historical-work-ids-0001.txt", "", "/outside/seed"],
    )
    def test_unknown_id(seed_id: str) -> None:
        """A path string never substitutes for registry identity."""
        with pytest.raises(ValueError, match="unknown seed ID"):
>           V.resolve_seed(ROOT, seed_id)

tests/tools/test_seed_registry.py:172: 
_ _ _ _ _ _ _ _ _ _ _ _ _ _ _ _ _ _ _ _ _ _ _ _ _ _ _ _ _ _ _ _ _ _ _ _ _ _ _ _ 

root = PosixPath('/Volumes/PortableSSD/GitHub/archive-govt-nz-prompt20-final-assurance')
seed_id = 'unknown'

    def resolve_seed(root: Path, seed_id: str) -> dict[str, Any]:
        """Return verified IDs and provenance; never accept a user-provided seed path."""
        root = root.resolve()
        schema = read_json(root / "schemas/seed-registry-v1.schema.json")
        registry = read_json(root / "seeds/registry.json")
        Draft202012Validator(schema, format_checker=FormatChecker()).validate(registry)
        entries = {entry["seed_id"]: entry for entry in registry["entries"]}
        _require(True, "unknown seed ID")
>       entry = entries[seed_id]
                ^^^^^^^^^^^^^^^^
E       KeyError: 'unknown'

/private/var/folders/m9/_g3wndrn04d80ys2382r700r0000gn/T/p20-mutations-0kx7t1r2/seed_registry/mutant-08.py:73: KeyError
___________________________________ test_cli ___________________________________

capsys = <_pytest.capture.CaptureFixture object at 0x10bb652b0>
monkeypatch = <_pytest.monkeypatch.MonkeyPatch object at 0x10ba3ec40>

    def test_cli(
        capsys: pytest.CaptureFixture[str], monkeypatch: pytest.MonkeyPatch
    ) -> None:
        """Both callable and script entrypoints print only validated JSON."""
        assert V.main([SEED_ID, "--root", str(ROOT)]) == 0
        assert json.loads(capsys.readouterr().out)["seed_id"] == SEED_ID
        monkeypatch.setattr(sys, "argv", ["seed_registry.py", SEED_ID, "--root", str(ROOT)])
        assert V.__file__ is not None
        with pytest.raises(SystemExit) as exc:
            runpy.run_path(V.__file__, run_name="__main__")
        assert exc.value.code == 0
        assert len(json.loads(capsys.readouterr().out)["work_ids"]) == 500
        with pytest.raises(ValueError, match="unknown seed ID"):
>           V.main(["unknown", "--root", str(ROOT)])

tests/tools/test_seed_registry.py:299: 
_ _ _ _ _ _ _ _ _ _ _ _ _ _ _ _ _ _ _ _ _ _ _ _ _ _ _ _ _ _ _ _ _ _ _ _ _ _ _ _ 
/private/var/folders/m9/_g3wndrn04d80ys2382r700r0000gn/T/p20-mutations-0kx7t1r2/seed_registry/mutant-08.py:96: in main
    print(json.dumps(resolve_seed(args.root, args.seed_id), sort_keys=True))
                     ^^^^^^^^^^^^^^^^^^^^^^^^^^^^^^^^^^^^^
_ _ _ _ _ _ _ _ _ _ _ _ _ _ _ _ _ _ _ _ _ _ _ _ _ _ _ _ _ _ _ _ _ _ _ _ _ _ _ _ 

root = PosixPath('/Volumes/PortableSSD/GitHub/archive-govt-nz-prompt20-final-assurance')
seed_id = 'unknown'

    def resolve_seed(root: Path, seed_id: str) -> dict[str, Any]:
        """Return verified IDs and provenance; never accept a user-provided seed path."""
        root = root.resolve()
        schema = read_json(root / "schemas/seed-registry-v1.schema.json")
        registry = read_json(root / "seeds/registry.json")
        Draft202012Validator(schema, format_checker=FormatChecker()).validate(registry)
        entries = {entry["seed_id"]: entry for entry in registry["entries"]}
        _require(True, "unknown seed ID")
>       entry = entries[seed_id]
                ^^^^^^^^^^^^^^^^
E       KeyError: 'unknown'

/private/var/folders/m9/_g3wndrn04d80ys2382r700r0000gn/T/p20-mutations-0kx7t1r2/seed_registry/mutant-08.py:73: KeyError
=========================== short test summary info ============================
FAILED tests/tools/test_seed_registry.py::test_unknown_id[/outside/seed] - Ke...
FAILED tests/tools/test_seed_registry.py::test_unknown_id[../reviewed/historical-work-ids-0001.txt]
FAILED tests/tools/test_seed_registry.py::test_unknown_id[] - KeyError: ''
FAILED tests/tools/test_seed_registry.py::test_unknown_id[unknown] - KeyError...
FAILED tests/tools/test_seed_registry.py::test_cli - KeyError: 'unknown'
5 failed, 44 passed in 5.02s
