.................F
=================================== FAILURES ===================================
____________________ test_archive_abuse[name_normalization] ____________________

tmp_path = PosixPath('/private/var/folders/m9/_g3wndrn04d80ys2382r700r0000gn/T/pytest-of-doughnut/pytest-4086/test_archive_abuse_name_normal0')
change = 'name_normalization'

    @pytest.mark.parametrize(
        "change", ["duplicate", "traversal", "symlink", "compressed", "name_normalization"]
    )
    def test_archive_abuse(tmp_path: Path, change: str) -> None:
        """Duplicate and hostile archive members never reach disk."""
        files, pin = fixture(tmp_path)
        raw = D.build(files, pin, RIGHTS, REVISION)
        parts = archive_files(raw)
        if change in {"symlink", "compressed"}:
            del parts["state/checkpoint.json"]
        stream = io.BytesIO()
        with zipfile.ZipFile(stream, "w") as z:
            for name, data in parts.items():
                info = zipfile.ZipInfo(name)
                info.external_attr = (stat.S_IFREG | 0o444) << 16
                z.writestr(info, data)
            info = zipfile.ZipInfo(
                "state/manifest.json" if change == "duplicate" else "state/checkpoint.json"
            )
            info.external_attr = (stat.S_IFREG | 0o444) << 16
            if change == "traversal":
                info.filename = "state/../escape"
            if change == "symlink":
                info.external_attr = (stat.S_IFLNK | 0o777) << 16
            if change == "compressed":
                info.compress_type = zipfile.ZIP_DEFLATED
            if change == "name_normalization":
                info.filename = "state/manifest.jsonX"
            z.writestr(info, b"x" * 10000)
        altered = stream.getvalue()
        if change == "name_normalization":
            altered = altered.replace(b"state/manifest.jsonX", b"state/manifest.json\x00")
        code = {
            "duplicate": "package_duplicate",
            "traversal": "package_path",
            "symlink": "package_member_type",
            "compressed": "package_member_type",
            "name_normalization": "package_spelling",
        }[change]
>       with pytest.raises(D.v.VerificationError, match=code):
             ^^^^^^^^^^^^^^^^^^^^^^^^^^^^^^^^^^^^^^^^^^^^^^^^
E       AssertionError: Regex pattern did not match.
E         Expected regex: 'package_spelling'
E         Actual message: 'package_duplicate'

tests/tools/test_legislation_durable_state.py:255: AssertionError
=========================== short test summary info ============================
FAILED tests/tools/test_legislation_durable_state.py::test_archive_abuse[name_normalization]
!!!!!!!!!!!!!!!!!!!!!!!!!! stopping after 1 failures !!!!!!!!!!!!!!!!!!!!!!!!!!!
1 failed, 17 passed in 6.83s
