...................................F
=================================== FAILURES ===================================
__________________ test_rights_partial_upload_and_idempotence __________________

tmp_path = PosixPath('/private/var/folders/m9/_g3wndrn04d80ys2382r700r0000gn/T/pytest-of-doughnut/pytest-4093/test_rights_partial_upload_and0')

    def test_rights_partial_upload_and_idempotence(tmp_path: Path) -> None:
        """Plans exclude blocked payload and never infer remote success."""
        files, pin = fixture(tmp_path)
        observed = {
            "repository": "edithatogo/corpus-legislation-nz",
            "revision": None,
            "files": {},
        }
        raw = D.build(files, pin, RIGHTS, REVISION)
        blocked = D.publication_plan(raw, D.v.sha(raw), observed)
        assert blocked["payload_blocked"] is True
        assert len(blocked["uploads"]) == 1
        assert blocked["uploads"][0]["path_parts"][-1] == "metadata.json"
        assert b"artifact.zip" not in D.M.encoded(blocked)
        assert b"canonical_uri" not in D.M.encoded(blocked)
        assert blocked["published_revision"] is None
>       assert blocked["readback_verified"] is False
E       assert True is False

tests/tools/test_legislation_durable_state.py:302: AssertionError
=============================== warnings summary ===============================
tests/tools/test_legislation_durable_state.py::test_archive_abuse[duplicate]
  /Volumes/PortableSSD/appdata/local-dotdir/share/uv/python/cpython-3.14.6-macos-aarch64-none/lib/python3.14/zipfile/__init__.py:1730: UserWarning: Duplicate name: 'state/manifest.json'
    return self._open_to_write(zinfo, force_zip64=force_zip64)

-- Docs: https://docs.pytest.org/en/stable/how-to/capture-warnings.html
=========================== short test summary info ============================
FAILED tests/tools/test_legislation_durable_state.py::test_rights_partial_upload_and_idempotence
!!!!!!!!!!!!!!!!!!!!!!!!!! stopping after 1 failures !!!!!!!!!!!!!!!!!!!!!!!!!!!
1 failed, 35 passed, 1 warning in 7.54s
