...........................................F
=================================== FAILURES ===================================
_____________ test_sealed_parent_binds_receipt_schema_and_strength _____________

tmp_path = PosixPath('/private/var/folders/m9/_g3wndrn04d80ys2382r700r0000gn/T/pytest-of-doughnut/pytest-4814/test_sealed_parent_binds_recei0')

    def test_sealed_parent_binds_receipt_schema_and_strength(tmp_path: Path) -> None:
        """A sealed parent cannot relabel or weaken its harvest receipt contract."""
        ref, meta, raw = fixture(tmp_path / "in")
        output = tmp_path / "state"
        q = tmp_path / "q"
        req = request(ref)
        P.restore(
            req, {"output": output, "quarantine": q}, client(meta, raw), "synthetic", NOW
        )
        restored = P.read_state(output)
        (output / "receipts/harvest.json").write_bytes(v3_harvest(restored))
        continuation = P.seal(output, req["context"], q)
        sealed = P.read_state(output)
        reference = copy.deepcopy(ref)
        reference.update(
            roots=continuation["roots"],
            source=continuation["source"],
            lineage_sha256=P.v.sha(sealed[P.SEAL]),
            state_schemas=ref["state_schemas"] | {"success_receipt": P.V3_SCHEMA},
        )
        P.verify_parent(sealed, reference)
        reference["state_schemas"]["success_receipt"] = (
            "archive-govt-nz.legislation-harvest-receipt/v2"
        )
>       with pytest.raises(P.v.VerificationError, match="parent_receipt_schema"):
             ^^^^^^^^^^^^^^^^^^^^^^^^^^^^^^^^^^^^^^^^^^^^^^^^^^^^^^^^^^^^^^^^^^^
E       Failed: DID NOT RAISE VerificationError

tests/tools/test_legislation_parent_state.py:1407: Failed
=========================== short test summary info ============================
FAILED tests/tools/test_legislation_parent_state.py::test_sealed_parent_binds_receipt_schema_and_strength
!!!!!!!!!!!!!!!!!!!!!!!!!! stopping after 1 failures !!!!!!!!!!!!!!!!!!!!!!!!!!!
1 failed, 43 passed in 1.62s
