........................................................................ [ 66%]
.......F
=================================== FAILURES ===================================
__________________ test_source_receipt_and_current_execution ___________________

tmp_path = PosixPath('/private/var/folders/m9/_g3wndrn04d80ys2382r700r0000gn/T/pytest-of-doughnut/pytest-4811/test_source_receipt_and_curren0')

    def test_source_receipt_and_current_execution(tmp_path: Path) -> None:
        """A success receipt must describe this source and this acquisition execution."""
        ref, meta, raw = fixture(tmp_path / "in")
        files = P.unpack(raw)
        receipt = P.v.load(files["receipts/harvest.json"])
        receipt["source_set"] = "another-source"
        files["receipts/harvest.json"] = P.M.encoded(receipt)
        with pytest.raises(P.v.VerificationError, match="state_source_set"):
            P.state_roots(files)
        output = tmp_path / "state"
        q = tmp_path / "q"
        req = request(ref)
        req["context"]["execution_id"] = "new-batch"
        req["authority"]["scope"]["execution_id"] = "new-batch"
        assert (
            P.restore(
                req,
                {"output": output, "quarantine": q},
                client(meta, raw),
                "synthetic",
                NOW,
            )["status"]
            == "verified"
        )
        files = P.read_state(output)
        receipt = P.v.load(v3_harvest(files))
        receipt["run_identity"] = "another-execution"
        (output / "receipts/harvest.json").write_bytes(P.M.encoded(receipt))
>       with pytest.raises(P.v.VerificationError, match="seal_execution"):
             ^^^^^^^^^^^^^^^^^^^^^^^^^^^^^^^^^^^^^^^^^^^^^^^^^^^^^^^^^^^^
E       Failed: DID NOT RAISE VerificationError

tests/tools/test_legislation_parent_state.py:1303: Failed
=========================== short test summary info ============================
FAILED tests/tools/test_legislation_parent_state.py::test_source_receipt_and_current_execution
!!!!!!!!!!!!!!!!!!!!!!!!!! stopping after 1 failures !!!!!!!!!!!!!!!!!!!!!!!!!!!
1 failed, 79 passed in 3.61s
