....................................F
=================================== FAILURES ===================================
_____________ test_live_metadata_rejection[run-status-in_progress] _____________

tmp_path = PosixPath('/private/var/folders/m9/_g3wndrn04d80ys2382r700r0000gn/T/pytest-of-doughnut/pytest-4794/test_live_metadata_rejection_r2')
section = 'run', field = 'status', bad = 'in_progress'

    @pytest.mark.parametrize(
        ("section", "field", "bad"),
        [
            ("artifact", "id", 1000),
            ("artifact", "name", "partial"),
            ("artifact", "digest", "sha256:" + "b" * 64),
            ("artifact", "size_in_bytes", 1),
            ("artifact", "expired", True),
            ("artifact", "expires_at", "2026-09-03T00:00:00Z"),
            ("run", "id", 102),
            ("run", "head_sha", "b" * 40),
            ("run", "head_branch", "feature"),
            ("run", "run_attempt", 2),
            ("run", "workflow_id", 8),
            ("run", "name", "Untrusted"),
            ("run", "path", ".github/workflows/other.yml"),
            ("run", "status", "in_progress"),
            ("run", "conclusion", "failure"),
            ("run", "repository", {"id": 43, "full_name": P.REPOSITORY}),
            ("run", "head_repository", {"id": 42, "full_name": "attacker/fork"}),
            ("artifact", "workflow_run", {"id": 102}),
        ],
    )
    def test_live_metadata_rejection(
        tmp_path: Path, section: str, field: str, bad: object
    ) -> None:
        """Untrusted origin, run, branch, workflow and partial status cannot promote."""
        ref, meta, raw = fixture(tmp_path / "in")
        meta[section][field] = bad
        paths = {"output": tmp_path / "state", "quarantine": tmp_path / "q"}
        result = P.restore(request(ref), paths, client(meta, raw), "synthetic", NOW)
>       assert result["status"] == "failed"
E       AssertionError: assert 'verified' == 'failed'
E         
E         - failed
E         + verified

tests/tools/test_legislation_parent_state.py:515: AssertionError
=========================== short test summary info ============================
FAILED tests/tools/test_legislation_parent_state.py::test_live_metadata_rejection[run-status-in_progress]
!!!!!!!!!!!!!!!!!!!!!!!!!! stopping after 1 failures !!!!!!!!!!!!!!!!!!!!!!!!!!!
1 failed, 36 passed in 1.27s
