F
=================================== FAILURES ===================================
___________ test_parent_reference_schema_accepts_legacy_and_v3_only ____________

tmp_path = PosixPath('/private/var/folders/m9/_g3wndrn04d80ys2382r700r0000gn/T/pytest-of-doughnut/pytest-4778/test_parent_reference_schema_a0')

    def test_parent_reference_schema_accepts_legacy_and_v3_only(tmp_path: Path) -> None:
        """References preserve v2 adoption and accept only the current strong schema."""
        ref, _, _ = fixture(tmp_path)
        P.schema(ref, "legislation-parent-reference")
        ref["state_schemas"]["success_receipt"] = (
            "archive-govt-nz.legislation-harvest-receipt/v3"
        )
        P.schema(ref, "legislation-parent-reference")
        ref["state_schemas"]["success_receipt"] = (
            "archive-govt-nz.legislation-harvest-receipt/v4"
        )
>       with pytest.raises(
            P.v.VerificationError, match="schema_legislation-parent-reference"
        ):
E       Failed: DID NOT RAISE VerificationError

tests/tools/test_legislation_parent_state.py:478: Failed
=========================== short test summary info ============================
FAILED tests/tools/test_legislation_parent_state.py::test_parent_reference_schema_accepts_legacy_and_v3_only
!!!!!!!!!!!!!!!!!!!!!!!!!! stopping after 1 failures !!!!!!!!!!!!!!!!!!!!!!!!!!!
1 failed in 1.39s
