....................................F
=================================== FAILURES ===================================
__________________________ test_filesystem_boundaries __________________________

tmp_path = PosixPath('/private/var/folders/m9/_g3wndrn04d80ys2382r700r0000gn/T/pytest-of-doughnut/pytest-4804/test_filesystem_boundaries0')
monkeypatch = <_pytest.monkeypatch.MonkeyPatch object at 0x10a8a6ea0>

    def test_filesystem_boundaries(tmp_path: Path, monkeypatch: pytest.MonkeyPatch) -> None:
        """Existing state, symlinks, overlapping paths and competing promotion fail."""
        req = request(None, "bootstrap")
        output = tmp_path / "state"
        output.mkdir()
        result = P.restore(
            req,
            {"output": output, "quarantine": tmp_path / "q"},
            client({}, b""),
            "synthetic",
            NOW,
        )
        assert result["failure"] == "output_exists"
        assert list(output.iterdir()) == []
        link = tmp_path / "link"
        link.symlink_to(output, target_is_directory=True)
>       with pytest.raises(P.v.VerificationError, match="workspace_symlink"):
             ^^^^^^^^^^^^^^^^^^^^^^^^^^^^^^^^^^^^^^^^^^^^^^^^^^^^^^^^^^^^^^^
E       Failed: DID NOT RAISE VerificationError

tests/tools/test_legislation_parent_state.py:876: Failed
=========================== short test summary info ============================
FAILED tests/tools/test_legislation_parent_state.py::test_filesystem_boundaries
!!!!!!!!!!!!!!!!!!!!!!!!!! stopping after 1 failures !!!!!!!!!!!!!!!!!!!!!!!!!!!
1 failed, 36 passed in 1.45s
