...............................................F
=================================== FAILURES ===================================
_____________ test_unsafe_download_origins[https://evil.example/x] _____________

tmp_path = PosixPath('/private/var/folders/m9/_g3wndrn04d80ys2382r700r0000gn/T/pytest-of-doughnut/pytest-4800/test_unsafe_download_origins_h2')
url = 'https://evil.example/x'

    @pytest.mark.parametrize(
        "url",
        [
            "http://test.blob.core.windows.net/x",
            "https://evil.example/x",
            "https://blob.core.windows.net/x",
            "https://test.blob.core.windows.net.evil.example/x",
            "https://user@test.blob.core.windows.net/x",
            "https://test.blob.core.windows.net:444/x",
            "https://test.blob.core.windows.net/x#fragment",
        ],
    )
    def test_unsafe_download_origins(tmp_path: Path, url: str) -> None:
        """Signed redirects must stay HTTPS and credential-free on allowed hosts."""
        ref, meta, _ = fixture(tmp_path)
        seen = []
    
        def handle(req: httpx.Request) -> httpx.Response:
            seen.append(req.url.host)
            if req.url.path.endswith("/zip"):
                return httpx.Response(302, headers={"location": url})
            return httpx.Response(
                200,
                content=P.M.encoded(
                    meta["run" if "/runs/" in req.url.path else "artifact"]
                ),
            )
    
        with (
            httpx.Client(transport=httpx.MockTransport(handle)) as session,
>           pytest.raises(P.v.VerificationError, match="download_origin"),
            ^^^^^^^^^^^^^^^^^^^^^^^^^^^^^^^^^^^^^^^^^^^^^^^^^^^^^^^^^^^^^
        ):
E       Failed: DID NOT RAISE VerificationError

tests/tools/test_legislation_parent_state.py:792: Failed
=========================== short test summary info ============================
FAILED tests/tools/test_legislation_parent_state.py::test_unsafe_download_origins[https://evil.example/x]
!!!!!!!!!!!!!!!!!!!!!!!!!! stopping after 1 failures !!!!!!!!!!!!!!!!!!!!!!!!!!!
1 failed, 47 passed in 1.69s
