........................................................................ [ 66%]
.F
=================================== FAILURES ===================================
___________ test_seal_rejects_auxiliary_reconciliation_inside_state ____________

tmp_path = PosixPath('/private/var/folders/m9/_g3wndrn04d80ys2382r700r0000gn/T/pytest-of-doughnut/pytest-4777/test_seal_rejects_auxiliary_re0')

    def test_seal_rejects_auxiliary_reconciliation_inside_state(tmp_path: Path) -> None:
        """Attempt evidence cannot become an unbound continuation-package member."""
        ref, meta, raw = fixture(tmp_path / "in")
        output = tmp_path / "state"
        quarantine = tmp_path / "q"
        req = request(ref)
        P.restore(
            req,
            {"output": output, "quarantine": quarantine},
            client(meta, raw),
            "synthetic",
            NOW,
        )
        files = P.read_state(output)
        (output / "receipts/harvest.json").write_bytes(v3_harvest(files))
        (output / "receipts/reconciliation.json").write_bytes(b"{}\n")
>       with pytest.raises(P.v.VerificationError, match="state_path"):
             ^^^^^^^^^^^^^^^^^^^^^^^^^^^^^^^^^^^^^^^^^^^^^^^^^^^^^^^^
E       Failed: DID NOT RAISE VerificationError

tests/tools/test_legislation_parent_state.py:947: Failed
=========================== short test summary info ============================
FAILED tests/tools/test_legislation_parent_state.py::test_seal_rejects_auxiliary_reconciliation_inside_state
!!!!!!!!!!!!!!!!!!!!!!!!!! stopping after 1 failures !!!!!!!!!!!!!!!!!!!!!!!!!!!
1 failed, 73 passed in 1.61s
