...............................................................F
=================================== FAILURES ===================================
__________________ test_seal_compares_pre_acquisition_receipt __________________

tmp_path = PosixPath('/private/var/folders/m9/_g3wndrn04d80ys2382r700r0000gn/T/pytest-of-doughnut/pytest-4809/test_seal_compares_pre_acquisi0')

    def test_seal_compares_pre_acquisition_receipt(tmp_path: Path) -> None:
        """A self-consistent rewritten lineage cannot replace the verified parent."""
        ref, meta, raw = fixture(tmp_path / "in")
        output = tmp_path / "state"
        q = tmp_path / "q"
        assert (
            P.restore(
                request(ref),
                {"output": output, "quarantine": q},
                client(meta, raw),
                "synthetic",
                NOW,
            )["status"]
            == "verified"
        )
        original = (output / P.LINEAGE).read_bytes()
        altered = P.v.load(original)
        altered["verifier_sha256"] = "b" * 64
        (output / P.LINEAGE).write_bytes(P.M.encoded(altered))
        with pytest.raises(P.v.VerificationError, match="seal_original_lineage"):
            P.seal(output, CONTEXT, q)
        (output / P.LINEAGE).write_bytes(original)
        (q / "lineage.json").write_bytes(b"{}")
>       with pytest.raises(P.v.VerificationError, match="seal_lineage_readback"):
             ^^^^^^^^^^^^^^^^^^^^^^^^^^^^^^^^^^^^^^^^^^^^^^^^^^^^^^^^^^^^^^^^^^^
E       AssertionError: Regex pattern did not match.
E         Expected regex: 'seal_lineage_readback'
E         Actual message: 'seal_receipt_strength'

tests/tools/test_legislation_parent_state.py:1266: AssertionError
=========================== short test summary info ============================
FAILED tests/tools/test_legislation_parent_state.py::test_seal_compares_pre_acquisition_receipt
!!!!!!!!!!!!!!!!!!!!!!!!!! stopping after 1 failures !!!!!!!!!!!!!!!!!!!!!!!!!!!
1 failed, 63 passed in 1.71s
