.........................................................F
=================================== FAILURES ===================================
______________________ test_archive_bombs_and_structures _______________________

monkeypatch = <_pytest.monkeypatch.MonkeyPatch object at 0x10b02ec60>

    def test_archive_bombs_and_structures(monkeypatch: pytest.MonkeyPatch) -> None:
        """Reject empty, duplicate, symlink, encrypted and expansion-abuse archives."""
        with pytest.raises(P.v.VerificationError, match="member_count"):
            P.unpack(fixtures.zip_bytes([]))
        with pytest.warns(UserWarning, match="Duplicate"):
            duplicate = fixtures.zip_bytes(
                [("manifest.json", b"{}"), ("manifest.json", b"{}")]
            )
        with pytest.raises(P.v.VerificationError, match="duplicate_member"):
            P.unpack(duplicate)
        info = zipfile.ZipInfo("manifest.json")
        info.external_attr = (stat.S_IFLNK | 0o777) << 16
        with pytest.raises(P.v.VerificationError, match="member_type"):
            P.unpack(fixtures.zip_bytes([(info, b"x")]))
        raw = fixtures.zip_bytes([("manifest.json", b"x")])
        encrypted = bytearray(raw)
        struct.pack_into("<H", encrypted, encrypted.index(b"PK\x01\x02") + 8, 1)
        with pytest.raises(P.v.VerificationError, match="member_type"):
>           P.unpack(bytes(encrypted))

tests/tools/test_legislation_parent_state.py:642: 
_ _ _ _ _ _ _ _ _ _ _ _ _ _ _ _ _ _ _ _ _ _ _ _ _ _ _ _ _ _ _ _ _ _ _ _ _ _ _ _ 
/private/tmp/p20-parent-isolated-20260905-final/mutant-10.py:135: in unpack
    with archive.open(entry) as stream:
         ^^^^^^^^^^^^^^^^^^^
_ _ _ _ _ _ _ _ _ _ _ _ _ _ _ _ _ _ _ _ _ _ _ _ _ _ _ _ _ _ _ _ _ _ _ _ _ _ _ _ 

self = <zipfile.ZipFile [closed]>
name = <ZipInfo filename='manifest.json' filemode='?rw-------' file_size=1>
mode = 'r', pwd = None, force_zip64 = False

    def open(self, name, mode="r", pwd=None, *, force_zip64=False):
        """Return file-like object for 'name'.
    
        name is a string for the file name within the ZIP file, or a ZipInfo
        object.
    
        mode should be 'r' to read a file already in the ZIP file, or 'w' to
        write to a file newly added to the archive.
    
        pwd is the password to decrypt files (only used for reading).
    
        When writing, if the file size is not known in advance but may
        exceed 2 GiB, pass force_zip64 to use the ZIP64 format, which can
        handle large files.  If the size is known in advance, it is best to
        pass a ZipInfo instance for name, with zinfo.file_size set.
        """
        if mode not in {"r", "w"}:
            raise ValueError('open() requires mode "r" or "w"')
        if pwd and (mode == "w"):
            raise ValueError("pwd is only supported for reading files")
        if not self.fp:
            raise ValueError(
                "Attempt to use ZIP archive that was already closed")
    
        # Make sure we have an info object
        if isinstance(name, ZipInfo):
            # 'name' is already an info object
            zinfo = name
        elif mode == 'w':
            zinfo = ZipInfo(name)
            zinfo.compress_type = self.compression
            zinfo.compress_level = self.compresslevel
        else:
            # Get info object for name
            zinfo = self.getinfo(name)
    
        if mode == 'w':
            return self._open_to_write(zinfo, force_zip64=force_zip64)
    
        if self._writing:
            raise ValueError("Can't read from the ZIP file while there "
                    "is an open writing handle on it. "
                    "Close the writing handle before trying to read.")
    
        # Open for reading:
        self._fileRefCnt += 1
        zef_file = _SharedFile(self.fp, zinfo.header_offset,
                               self._fpclose, self._lock, lambda: self._writing)
        try:
            # Skip the file header:
            fheader = zef_file.read(sizeFileHeader)
            if len(fheader) != sizeFileHeader:
                raise BadZipFile("Truncated file header")
            fheader = struct.unpack(structFileHeader, fheader)
            if fheader[_FH_SIGNATURE] != stringFileHeader:
                raise BadZipFile("Bad magic number for file header")
    
            fname = zef_file.read(fheader[_FH_FILENAME_LENGTH])
            if fheader[_FH_EXTRA_FIELD_LENGTH]:
                zef_file.seek(fheader[_FH_EXTRA_FIELD_LENGTH], whence=1)
    
            if zinfo.flag_bits & _MASK_COMPRESSED_PATCH:
                # Zip 2.7: compressed patched data
                raise NotImplementedError("compressed patched data (flag bit 5)")
    
            if zinfo.flag_bits & _MASK_STRONG_ENCRYPTION:
                # strong encryption
                raise NotImplementedError("strong encryption (flag bit 6)")
    
            if fheader[_FH_GENERAL_PURPOSE_FLAG_BITS] & _MASK_UTF_FILENAME:
                # UTF-8 filename
                fname_str = fname.decode("utf-8")
            else:
                fname_str = fname.decode(self.metadata_encoding or "cp437")
    
            if fname_str != zinfo.orig_filename:
                raise BadZipFile(
                    'File name in directory %r and header %r differ.'
                    % (zinfo.orig_filename, fname))
    
            if (zinfo._end_offset is not None and
                zef_file.tell() + zinfo.compress_size > zinfo._end_offset):
                if zinfo._end_offset == zinfo.header_offset:
                    import warnings
                    warnings.warn(
                        f"Overlapped entries: {zinfo.orig_filename!r} "
                        f"(possible zip bomb)",
                        skip_file_prefixes=(os.path.dirname(__file__),))
                else:
                    raise BadZipFile(
                        f"Overlapped entries: {zinfo.orig_filename!r} "
                        f"(possible zip bomb)")
    
            # check for encrypted flag & handle password
            is_encrypted = zinfo.flag_bits & _MASK_ENCRYPTED
            if is_encrypted:
                if not pwd:
                    pwd = self.pwd
                if pwd and not isinstance(pwd, bytes):
                    raise TypeError("pwd: expected bytes, got %s" % type(pwd).__name__)
                if not pwd:
>                   raise RuntimeError("File %r is encrypted, password "
                                       "required for extraction" % name)
E                                      RuntimeError: File <ZipInfo filename='manifest.json' filemode='?rw-------' file_size=1> is encrypted, password required for extraction

../../appdata/local-dotdir/share/uv/python/cpython-3.14.6-macos-aarch64-none/lib/python3.14/zipfile/__init__.py:1794: RuntimeError
=========================== short test summary info ============================
FAILED tests/tools/test_legislation_parent_state.py::test_archive_bombs_and_structures
!!!!!!!!!!!!!!!!!!!!!!!!!! stopping after 1 failures !!!!!!!!!!!!!!!!!!!!!!!!!!!
1 failed, 57 passed in 1.66s
