.......F
=================================== FAILURES ===================================
_ test_path_rejection[cas/sha256/aa/BBBBBBBBBBBBBBBBBBBBBBBBBBBBBBBBBBBBBBBBBBBBBBBBBBBBBBBBBBBBBBBB] _

name = 'cas/sha256/aa/BBBBBBBBBBBBBBBBBBBBBBBBBBBBBBBBBBBBBBBBBBBBBBBBBBBBBBBBBBBBBBBB'

    @pytest.mark.parametrize(
        "name",
        [
            "../escape",
            "/absolute",
            "cas/../manifest.json",
            "cas//x",
            "C:drive",
            "a\\b",
            "Manifest.json",
            "receipts/unknown.json",
            "cas/sha256/aa/" + "B" * 64,
        ],
    )
    def test_path_rejection(name: str) -> None:
        """Reject traversal, ambiguous names and non-state archive payloads."""
>       with pytest.raises(P.v.VerificationError, match=r"member_(?:path|spelling)"):
             ^^^^^^^^^^^^^^^^^^^^^^^^^^^^^^^^^^^^^^^^^^^^^^^^^^^^^^^^^^^^^^^^^^^^^^^
E       AssertionError: Regex pattern did not match.
E         Expected regex: 'member_(?:path|spelling)'
E         Actual message: 'documents_missing'

tests/tools/test_legislation_parent_state.py:620: AssertionError
=========================== short test summary info ============================
FAILED tests/tools/test_legislation_parent_state.py::test_path_rejection[cas/sha256/aa/BBBBBBBBBBBBBBBBBBBBBBBBBBBBBBBBBBBBBBBBBBBBBBBBBBBBBBBBBBBBBBBB]
!!!!!!!!!!!!!!!!!!!!!!!!!! stopping after 1 failures !!!!!!!!!!!!!!!!!!!!!!!!!!!
1 failed, 7 passed in 1.10s
