........................................................................ [ 66%]
....F
=================================== FAILURES ===================================
_____________________________ test_network_bounds ______________________________

monkeypatch = <_pytest.monkeypatch.MonkeyPatch object at 0x10cba74d0>

    def test_network_bounds(monkeypatch: pytest.MonkeyPatch) -> None:
        """Byte and wall-clock bounds independently abort even successful HTTP replies."""
        with httpx.Client(
            transport=httpx.MockTransport(lambda _req: httpx.Response(200, content=b"123"))
        ) as session:
            with pytest.raises(P.v.VerificationError, match="download_size"):
                P.fetch(session, "https://example.test", {}, 2)
            clock = iter([0, P.DEADLINE + 1])
            monkeypatch.setattr(P.time, "monotonic", lambda: next(clock))
>           with pytest.raises(P.v.VerificationError, match="download_deadline"):
                 ^^^^^^^^^^^^^^^^^^^^^^^^^^^^^^^^^^^^^^^^^^^^^^^^^^^^^^^^^^^^^^^
E           Failed: DID NOT RAISE VerificationError

tests/tools/test_legislation_parent_state.py:856: Failed
=========================== short test summary info ============================
FAILED tests/tools/test_legislation_parent_state.py::test_network_bounds - Fa...
!!!!!!!!!!!!!!!!!!!!!!!!!! stopping after 1 failures !!!!!!!!!!!!!!!!!!!!!!!!!!!
1 failed, 76 passed in 1.79s
