......................F
=================================== FAILURES ===================================
___________________ test_explicit_bootstrap_and_no_fallback ____________________

tmp_path = PosixPath('/private/var/folders/m9/_g3wndrn04d80ys2382r700r0000gn/T/pytest-of-doughnut/pytest-4801/test_explicit_bootstrap_and_no0')

    def test_explicit_bootstrap_and_no_fallback(tmp_path: Path) -> None:
        """Only explicit, scoped, separately authorized initial state may be empty."""
        req = request(None, "bootstrap")
        paths = {"output": tmp_path / "state", "quarantine": tmp_path / "q"}
        result = P.restore(req, paths, client({}, b""), "synthetic", NOW)
        assert result["status"] == "verified"
        assert sorted(p.name for p in paths["output"].rglob("*.json")) == [
            "parent-lineage.json"
        ]
        with pytest.raises(KeyError):
            P.seal(paths["output"], CONTEXT, paths["quarantine"])
        for index, mutation in enumerate(
            [
                {"mode": "continuation"},
                {"authority": None},
                {"confirmed_initial": False},
                {"event_name": "schedule"},
                {"mode": "unknown"},
                {"context": {**CONTEXT, "branch": "feature"}},
            ]
        ):
            bad = {**req, **mutation}
            output = tmp_path / f"bad{index}"
            result = P.restore(
                bad,
                {"output": output, "quarantine": tmp_path / f"q{index}"},
                client({}, b""),
                "synthetic",
                NOW,
            )
>           assert result["status"] == "failed"
E           AssertionError: assert 'verified' == 'failed'
E             
E             - failed
E             + verified

tests/tools/test_legislation_parent_state.py:695: AssertionError
=========================== short test summary info ============================
FAILED tests/tools/test_legislation_parent_state.py::test_explicit_bootstrap_and_no_fallback
!!!!!!!!!!!!!!!!!!!!!!!!!! stopping after 1 failures !!!!!!!!!!!!!!!!!!!!!!!!!!!
1 failed, 22 passed in 1.68s
