..........................................................F
=================================== FAILURES ===================================
____________ test_http_content_encoding_is_not_an_expansion_channel ____________

    def test_http_content_encoding_is_not_an_expansion_channel() -> None:
        """Do not allow HTTP decompression to evade archive byte limits."""
        with (
            httpx.Client(
                transport=httpx.MockTransport(
                    lambda _req: httpx.Response(
                        200,
                        headers={"content-encoding": "identity, identity"},
                        content=b"x",
                    )
                )
            ) as session,
>           pytest.raises(P.v.VerificationError, match="http_encoding"),
            ^^^^^^^^^^^^^^^^^^^^^^^^^^^^^^^^^^^^^^^^^^^^^^^^^^^^^^^^^^^
        ):
E       Failed: DID NOT RAISE VerificationError

tests/tools/test_legislation_parent_state.py:1225: Failed
=========================== short test summary info ============================
FAILED tests/tools/test_legislation_parent_state.py::test_http_content_encoding_is_not_an_expansion_channel
!!!!!!!!!!!!!!!!!!!!!!!!!! stopping after 1 failures !!!!!!!!!!!!!!!!!!!!!!!!!!!
1 failed, 58 passed in 1.98s
