.................................F
=================================== FAILURES ===================================
________________ test_original_zip_member_spelling_is_preserved ________________

tmp_path = PosixPath('/private/var/folders/m9/_g3wndrn04d80ys2382r700r0000gn/T/pytest-of-doughnut/pytest-4813/test_original_zip_member_spell0')

    def test_original_zip_member_spelling_is_preserved(tmp_path: Path) -> None:
        """Never bless a malformed member through the ZIP library's NUL truncation."""
        ref, meta, raw = fixture(tmp_path / "in")
        files = P.unpack(raw)
        entries = [
            ("manifest.json!suffix" if name == "manifest.json" else name, data)
            for name, data in files.items()
        ]
        raw = fixtures.zip_bytes(entries).replace(
            b"manifest.json!suffix", b"manifest.json\x00suffix"
        )
        ref["artifact"].update(size_in_bytes=len(raw), digest="sha256:" + P.v.sha(raw))
        meta["artifact"].update(ref["artifact"])
        result = P.restore(
            request(ref),
            {"output": tmp_path / "state", "quarantine": tmp_path / "q"},
            client(meta, raw),
            "synthetic",
            NOW,
        )
>       assert result["failure"] == "member_spelling"
               ^^^^^^^^^^^^^^^^^
E       KeyError: 'failure'

tests/tools/test_legislation_parent_state.py:1511: KeyError
=========================== short test summary info ============================
FAILED tests/tools/test_legislation_parent_state.py::test_original_zip_member_spelling_is_preserved
!!!!!!!!!!!!!!!!!!!!!!!!!! stopping after 1 failures !!!!!!!!!!!!!!!!!!!!!!!!!!!
1 failed, 33 passed in 1.35s
