........................................................................ [ 66%]
....................F
=================================== FAILURES ===================================
_______ test_durable_inner_verifier_binds_rights_roots_and_parent_scope ________

monkeypatch = <_pytest.monkeypatch.MonkeyPatch object at 0x10ce6fc70>

    def test_durable_inner_verifier_binds_rights_roots_and_parent_scope(
        monkeypatch: pytest.MonkeyPatch,
    ) -> None:
        """Require verified inner roots, public rights, and unseeded parent scope."""
        reference = durable_reference()
        document = {
            "roots": copy.deepcopy(reference["durable"]["roots"]),
            "rights": {"payload": "blocked"},
            "input": {"source": copy.deepcopy(reference["parent_source"])},
        }
        fake = type(
            "Durable",
            (),
            {
                "verify": staticmethod(
                    lambda _raw, _digest: (document, {"manifest.json": b"{}"})
                )
            },
        )
        monkeypatch.setattr(P, "sibling", lambda _name: fake)
        assert P.durable_files(b"durable", reference) == {"manifest.json": b"{}"}
        for key, value, failure in (
            ("roots", {**document["roots"], "records": 551}, "durable_roots"),
            ("rights", {"payload": "public_approved"}, "durable_historical_rights"),
            ("input", {"source": reference["child_source"]}, "durable_scope"),
        ):
            changed = copy.deepcopy(document)
            changed[key] = value
            monkeypatch.setattr(
                fake,
                "verify",
                staticmethod(lambda _raw, _digest, changed=changed: (changed, {})),
            )
>           with pytest.raises(P.v.VerificationError, match=failure):
                 ^^^^^^^^^^^^^^^^^^^^^^^^^^^^^^^^^^^^^^^^^^^^^^^^^^^
E           Failed: DID NOT RAISE VerificationError

tests/tools/test_legislation_parent_state.py:352: Failed
=========================== short test summary info ============================
FAILED tests/tools/test_legislation_parent_state.py::test_durable_inner_verifier_binds_rights_roots_and_parent_scope
!!!!!!!!!!!!!!!!!!!!!!!!!! stopping after 1 failures !!!!!!!!!!!!!!!!!!!!!!!!!!!
1 failed, 92 passed in 1.95s
