........................................................................ [ 66%]
.................................F
=================================== FAILURES ===================================
__________________ test_lineage_tampering_and_duplicate_seal ___________________

tmp_path = PosixPath('/private/var/folders/m9/_g3wndrn04d80ys2382r700r0000gn/T/pytest-of-doughnut/pytest-4806/test_lineage_tampering_and_dup0')

    def test_lineage_tampering_and_duplicate_seal(tmp_path: Path) -> None:
        """Origin hashes, authority and context remain checked at sealing and restore."""
        ref, meta, raw = fixture(tmp_path / "in")
        output = tmp_path / "state"
        assert (
            P.restore(
                request(ref),
                {"output": output, "quarantine": tmp_path / "q"},
                client(meta, raw),
                "synthetic",
                NOW,
            )["status"]
            == "verified"
        )
        files = P.read_state(output)
        lineage = P.v.load(files[P.LINEAGE])
        for field in ("parent_reference_sha256", "authority_sha256"):
            bad = {**lineage, field: "b" * 64}
>           with pytest.raises(P.v.VerificationError):
                 ^^^^^^^^^^^^^^^^^^^^^^^^^^^^^^^^^^^^
E           Failed: DID NOT RAISE VerificationError

tests/tools/test_legislation_parent_state.py:995: Failed
=========================== short test summary info ============================
FAILED tests/tools/test_legislation_parent_state.py::test_lineage_tampering_and_duplicate_seal
!!!!!!!!!!!!!!!!!!!!!!!!!! stopping after 1 failures !!!!!!!!!!!!!!!!!!!!!!!!!!!
1 failed, 105 passed in 2.10s
