...............F
=================================== FAILURES ===================================
_______________ test_durable_download_rejects_untrusted_redirect _______________

    def test_durable_download_rejects_untrusted_redirect() -> None:
        """Reject redirects away from the bounded Hugging Face delivery hosts."""
        reference = durable_reference()
        with (
            httpx.Client(
                transport=httpx.MockTransport(
                    lambda _: httpx.Response(
                        302, headers={"location": "https://example.test/file"}
                    )
                )
            ) as session,
>           pytest.raises(P.v.VerificationError, match="durable_download_origin"),
            ^^^^^^^^^^^^^^^^^^^^^^^^^^^^^^^^^^^^^^^^^^^^^^^^^^^^^^^^^^^^^^^^^^^^^
        ):
E       AssertionError: Regex pattern did not match.
E         Expected regex: 'durable_download_origin'
E         Actual message: 'durable_download_status'

tests/tools/test_legislation_parent_state.py:254: AssertionError
=========================== short test summary info ============================
FAILED tests/tools/test_legislation_parent_state.py::test_durable_download_rejects_untrusted_redirect
!!!!!!!!!!!!!!!!!!!!!!!!!! stopping after 1 failures !!!!!!!!!!!!!!!!!!!!!!!!!!!
1 failed, 15 passed in 1.26s
