........................F
=================================== FAILURES ===================================
______________________ test_archive_bombs_and_structures _______________________

monkeypatch = <_pytest.monkeypatch.MonkeyPatch object at 0x10b23f020>

    def test_archive_bombs_and_structures(monkeypatch: pytest.MonkeyPatch) -> None:
        """Reject empty, duplicate, symlink, encrypted and expansion-abuse archives."""
        with pytest.raises(P.v.VerificationError, match="member_count"):
            P.unpack(fixtures.zip_bytes([]))
        with pytest.warns(UserWarning, match="Duplicate"):
            duplicate = fixtures.zip_bytes(
                [("manifest.json", b"{}"), ("manifest.json", b"{}")]
            )
        with pytest.raises(P.v.VerificationError, match="duplicate_member"):
            P.unpack(duplicate)
        info = zipfile.ZipInfo("manifest.json")
        info.external_attr = (stat.S_IFLNK | 0o777) << 16
>       with pytest.raises(P.v.VerificationError, match="member_type"):
             ^^^^^^^^^^^^^^^^^^^^^^^^^^^^^^^^^^^^^^^^^^^^^^^^^^^^^^^^^
E       AssertionError: Regex pattern did not match.
E         Expected regex: 'member_type'
E         Actual message: 'documents_missing'

tests/tools/test_legislation_parent_state.py:636: AssertionError
=========================== short test summary info ============================
FAILED tests/tools/test_legislation_parent_state.py::test_archive_bombs_and_structures
!!!!!!!!!!!!!!!!!!!!!!!!!! stopping after 1 failures !!!!!!!!!!!!!!!!!!!!!!!!!!!
1 failed, 24 passed in 2.41s
