............................................................F
=================================== FAILURES ===================================
______________________ test_archive_bombs_and_structures _______________________

monkeypatch = <_pytest.monkeypatch.MonkeyPatch object at 0x10ef7f2f0>

    def test_archive_bombs_and_structures(monkeypatch: pytest.MonkeyPatch) -> None:
        """Reject empty, duplicate, symlink, encrypted and expansion-abuse archives."""
        with pytest.raises(P.v.VerificationError, match="member_count"):
            P.unpack(fixtures.zip_bytes([]))
        with pytest.warns(UserWarning, match="Duplicate"):
            duplicate = fixtures.zip_bytes(
                [("manifest.json", b"{}"), ("manifest.json", b"{}")]
            )
>       with pytest.raises(P.v.VerificationError, match="duplicate_member"):
             ^^^^^^^^^^^^^^^^^^^^^^^^^^^^^^^^^^^^^^^^^^^^^^^^^^^^^^^^^^^^^^
E       AssertionError: Regex pattern did not match.
E         Expected regex: 'duplicate_member'
E         Actual message: 'documents_missing'

tests/tools/test_legislation_parent_state.py:632: AssertionError
=========================== short test summary info ============================
FAILED tests/tools/test_legislation_parent_state.py::test_archive_bombs_and_structures
!!!!!!!!!!!!!!!!!!!!!!!!!! stopping after 1 failures !!!!!!!!!!!!!!!!!!!!!!!!!!!
1 failed, 60 passed in 1.67s
